2025-10-15 20:25:51 UTC
macOS-15.6.1-arm64-arm-64bit
Ren'Py 8.4.1.25072401

Early init took 30 ms
Loading error handling took 23 ms
Loading script took 465 ms
Loading save slot metadata took 18 ms
Loading persistent took 0 ms
Running init code took 43 ms
Loading analysis data took 2 ms
Analyze and compile ATL took 1 ms
Reloading save slot metadata took 5 ms
Backing up script files to '/Users/kamalmirzayev/Library/RenPy/backups/Axels Fantasy':
Dump and make backups took 24 ms
Cleaning cache took 0 ms
Making clean stores took 0 ms
Initial gc took 18 ms
DPI scale factor: 1.000000
Creating interface object took 0 ms
Init translation took 0 ms
Cleaning stores took 0 ms
Load screen analysis took 0 ms
Analyze screens took 5 ms
Save screen analysis took 6 ms
Save pyanalysis took 0 ms
Save bytecode took 16 ms
Running _start took 0 ms
Interface start took 465 ms

Initializing gl2 renderer:
primary display bounds: (0, 0, 1440, 900)
swap interval: 1 frames
Windowed mode.
Vendor: 'Apple'
Renderer: 'Apple M1'
Version: '2.1 Metal - 89.4'
Display Info: <Info({'bitsize': 32, 'bytesize': 4, 'masks': (16711680, 65280, 255, 4278190080), 'shifts': (16, 8, 0, 24), 'losses': (0, 0, 0, 0), 'current_w': 1440, 'current_h': 900, 'refresh_rate': 60, 'hw': False, 'wm': True, 'video_mem': 268435456, 'blit_hw': False, 'blit_hw_CC': False, 'blit_hw_A': False, 'blit_sw': False, 'blit_sw_CC': False, 'blit_sw_A': False})>
Screen sizes: virtual=(1920, 1080) physical=(1338, 753) drawable=(2676, 1506)
Maximum texture size: 4096x4096

Full traceback:
  File "renpy/ast.py", line 625, in eval_who
    return renpy.python.py_eval(who)
           ~~~~~~~~~~~~~~~~~~~~^^^^^
  File "renpy/python.py", line 1292, in py_eval
    return py_eval_bytecode(code, globals, locals)
           ~~~~~~~~~~~~~~~~^^^^^^^^^^^^^^^^^^^^^^^
  File "renpy/python.py", line 1285, in py_eval_bytecode
    return eval(bytecode, globals, locals)
           ~~~~^^^^^^^^^^^^^^^^^^^^^^^^^^^
  File "<none>", line 1, in <module>
NameError: name 'isabella' is not defined. Did you mean: 'isabelle'?

During handling of the above exception, another exception occurred:

Traceback (most recent call last):
  File "game/intro.rpy", line 683, in script
    isabella "Can I ask you something? Umm... ohh... I just wanted to say..."
  File "renpy/ast.py", line 2915, in execute
    Say.execute(self)
    ~~~~~~~~~~~^^^^^^
  File "renpy/ast.py", line 956, in execute
    who = eval_who(self.who, self.who_fast)
          ~~~~~~~~^^^^^^^^^^^^^^^^^^^^^^^^^
  File "renpy/ast.py", line 627, in eval_who
    raise Exception("Sayer '%s' is not defined." % who)
Exception: Sayer 'isabella' is not defined.

While running game code:
NameError: name 'isabella' is not defined. Did you mean: 'isabelle'?

During handling of the above exception, another exception occurred:

Traceback (most recent call last):
  File "game/intro.rpy", line 683, in script
    isabella "Can I ask you something? Umm... ohh... I just wanted to say..."
Exception: Sayer 'isabella' is not defined.
Resetting cache.
Early init took 5 ms
Loading error handling took 14 ms
Loading script took 54 ms
Loading save slot metadata took 11 ms
Loading persistent took 0 ms
Running init code took 19 ms
Loading analysis data took 2 ms
Analyze and compile ATL took 1 ms
Reloading save slot metadata took 5 ms
Backing up script files to '/Users/kamalmirzayev/Library/RenPy/backups/Axels Fantasy':
Dump and make backups took 23 ms
Cleaning cache took 0 ms
Making clean stores took 0 ms
Initial gc took 22 ms
DPI scale factor: 1.000000
Creating interface object took 0 ms
Init translation took 0 ms
Cleaning stores took 0 ms
Load screen analysis took 0 ms
Analyze screens took 5 ms
Save screen analysis took 6 ms
Save pyanalysis took 0 ms
Save bytecode took 0 ms
Running _start took 0 ms
Interface start took 292 ms

Initializing gl2 renderer:
primary display bounds: (0, 0, 1440, 900)
swap interval: 1 frames
Windowed mode.
Vendor: 'Apple'
Renderer: 'Apple M1'
Version: '2.1 Metal - 89.4'
Display Info: <Info({'bitsize': 32, 'bytesize': 4, 'masks': (16711680, 65280, 255, 4278190080), 'shifts': (16, 8, 0, 24), 'losses': (0, 0, 0, 0), 'current_w': 1440, 'current_h': 900, 'refresh_rate': 60, 'hw': False, 'wm': True, 'video_mem': 268435456, 'blit_hw': False, 'blit_hw_CC': False, 'blit_hw_A': False, 'blit_sw': False, 'blit_sw_CC': False, 'blit_sw_A': False})>
Screen sizes: virtual=(1920, 1080) physical=(1338, 753) drawable=(2676, 1506)
Maximum texture size: 4096x4096
Cleaning stores took 0 ms
Load screen analysis took 17 ms
Analyze screens took 0 ms
Running _start took 1 ms
